
Allocating common symbols
Common symbol       size              file

kernel_heap_limit   0x4               build/kheap.o
kmain_process       0x54              build/sched.o
kernel_heap_top     0x4               build/kheap.o
current_process     0x4               build/syscall.o
last_process        0x4               build/syscall.o
pile_context        0x4               build/syscall.o
uart_error          0x4               build/uart.o

Memory Configuration

Name             Origin             Length             Attributes
RAM              0x0000000000008000 0x000000001fff8000
PERIPHERALS      0x0000000020000000 0x0000000000ffffff
*default*        0x0000000000000000 0xffffffffffffffff

Linker script and memory map

LOAD build/kheap.o
LOAD build/syscall.o
LOAD build/init.o
LOAD build/uart.o
LOAD build/pwm.o
LOAD build/sched.o
LOAD build/util.o
LOAD build/hw.o
LOAD build/asm_tools.o
LOAD build/kmain.o
                0x0000000000000200                KERNEL_STACK_SIZE = 0x200
                0x0000000000000200                SYS_STACK_SIZE = 0x200
                0x0000000000000200                IRQ_STACK_SIZE = 0x200
                0x0000000000100000                USER_STACKS_SIZE = 0x100000

.text           0x0000000000008000     0x1b80
 build/init.o(.text*)
 .text          0x0000000000008000       0xc0 build/init.o
                0x0000000000008000                _start
 *(.text*)
 .text          0x00000000000080c0      0x360 build/kheap.o
                0x00000000000080c0                aligned_value
                0x000000000000810c                kAlloc_aligned
                0x00000000000082c0                kAlloc
                0x00000000000083ac                kFree
                0x00000000000083f4                kheap_init
 .text          0x0000000000008420      0x29c build/syscall.o
                0x0000000000008420                sys_reboot
                0x0000000000008430                swi_handler
                0x00000000000084c4                do_sys_reboot
                0x00000000000084d0                sys_nop
                0x00000000000084e0                do_sys_nop
                0x00000000000084e4                sys_settime
                0x0000000000008520                do_sys_settime
                0x00000000000085a0                sys_gettime
                0x0000000000008608                do_sys_gettime
                0x0000000000008654                irq_handler
                0x0000000000008698                rearmer
 .text          0x00000000000086bc      0x670 build/uart.o
                0x00000000000086bc                uart_init
                0x00000000000087d8                uart_send_str
                0x0000000000008874                uart_send_int
                0x0000000000008a6c                uart_receive_str
                0x0000000000008b4c                uart_receive_int
                0x0000000000008cf8                uart_is_receive_fifo_empty
 .text          0x0000000000008d2c      0x224 build/pwm.o
                0x0000000000008ec4                audio_test
 .text          0x0000000000008f50      0x78c build/sched.o
                0x0000000000008f50                sched_init
                0x0000000000008f80                create_priority_process
                0x000000000000905c                create_process
                0x000000000000907c                elect
                0x0000000000009100                elect_priority
                0x00000000000091e8                elect_round_robin
                0x0000000000009254                sys_yieldto
                0x0000000000009278                start_current_process
                0x00000000000092a0                do_sys_yield
                0x00000000000093f0                do_sys_yieldto
                0x0000000000009544                do_sys_yield_irq
                0x0000000000009690                sys_exit
                0x00000000000096b4                do_sys_exit
 .text          0x00000000000096dc       0x10 build/util.o
                0x00000000000096dc                kernel_panic
 .text          0x00000000000096ec      0x3b4 build/hw.o
                0x00000000000096ec                divide
                0x0000000000009754                get_date_ms
                0x0000000000009778                set_date_ms
                0x0000000000009814                set_next_tick
                0x000000000000986c                set_next_tick_default
                0x00000000000098b8                timer_init
                0x00000000000098e4                led_on
                0x0000000000009920                led_off
                0x000000000000995c                led_switch
                0x0000000000009988                led_status
                0x000000000000999c                led_init
                0x00000000000099d0                led_blink
                0x0000000000009a70                hw_init
                0x0000000000009a80                terminate_kernel
 .text          0x0000000000009aa0       0x48 build/asm_tools.o
                0x0000000000009aa0                Set32
                0x0000000000009aa8                Get32
                0x0000000000009ab0                delay
                0x0000000000009ac4                memory_barrier
                0x0000000000009adc                invalidate_cache
 .text          0x0000000000009ae8       0x98 build/kmain.o
                0x0000000000009ae8                user_process2
                0x0000000000009b04                user_process1
                0x0000000000009b20                kmain
                0x0000000000009b54                kmain_7_1
                0x0000000000009b80                __bss_start = .

.glue_7         0x0000000000009b80        0x0
 .glue_7        0x0000000000000000        0x0 linker stubs

.glue_7t        0x0000000000009b80        0x0
 .glue_7t       0x0000000000000000        0x0 linker stubs

.vfp11_veneer   0x0000000000009b80        0x0
 .vfp11_veneer  0x0000000000000000        0x0 linker stubs

.v4_bx          0x0000000000009b80        0x0
 .v4_bx         0x0000000000000000        0x0 linker stubs

.iplt           0x0000000000009b80        0x0
 .iplt          0x0000000000000000        0x0 build/kheap.o

.bss            0x0000000000009b80       0x74
 *(.bss*)
 .bss           0x0000000000009b80        0x4 build/kheap.o
                0x0000000000009b80                freelist
 .bss           0x0000000000009b84        0x0 build/syscall.o
 .bss           0x0000000000009b84        0x0 build/init.o
 .bss           0x0000000000009b84        0x0 build/uart.o
 .bss           0x0000000000009b84        0x0 build/pwm.o
 .bss           0x0000000000009b84        0x0 build/sched.o
 .bss           0x0000000000009b84        0x0 build/util.o
 .bss           0x0000000000009b84        0x4 build/hw.o
 .bss           0x0000000000009b88        0x0 build/asm_tools.o
 .bss           0x0000000000009b88        0x0 build/kmain.o
 COMMON         0x0000000000009b88        0x8 build/kheap.o
                0x0000000000009b88                kernel_heap_limit
                0x0000000000009b8c                kernel_heap_top
 COMMON         0x0000000000009b90        0xc build/syscall.o
                0x0000000000009b90                current_process
                0x0000000000009b94                last_process
                0x0000000000009b98                pile_context
 COMMON         0x0000000000009b9c        0x4 build/uart.o
                0x0000000000009b9c                uart_error
 COMMON         0x0000000000009ba0       0x54 build/sched.o
                0x0000000000009ba0                kmain_process
                0x0000000000009bf4                __bss_end__ = .
                0x0000000000009bf4                __rodata_start__ = .

.rodata         0x0000000000009bf4       0x50
 *(.rodata*)
 .rodata        0x0000000000009bf4       0x10 build/syscall.o
 .rodata        0x0000000000009c04       0x28 build/uart.o
 .rodata        0x0000000000009c2c       0x18 build/hw.o
                0x0000000000009c44                __rodata_end__ = .
                0x0000000000009c44                __data_start__ = .

.rel.dyn        0x0000000000009c44        0x0
 .rel.iplt      0x0000000000000000        0x0 build/kheap.o

.data           0x0000000000009c44        0xc
 *(.data)
 .data          0x0000000000009c44        0x0 build/kheap.o
 .data          0x0000000000009c44        0x0 build/syscall.o
 .data          0x0000000000009c44        0x0 build/init.o
 .data          0x0000000000009c44        0x0 build/uart.o
 .data          0x0000000000009c44        0xc build/pwm.o
 .data          0x0000000000009c50        0x0 build/sched.o
 .data          0x0000000000009c50        0x0 build/util.o
 .data          0x0000000000009c50        0x0 build/hw.o
 .data          0x0000000000009c50        0x0 build/asm_tools.o
 .data          0x0000000000009c50        0x0 build/kmain.o
                0x0000000000009c50                __data_end__ = .

.igot.plt       0x0000000000009c50        0x0
 .igot.plt      0x0000000000000000        0x0 build/kheap.o

.stack          0x0000000000009c50      0x600
                0x0000000000009c50                __stack_start__ = .
                0x0000000000009e50                . = (. + KERNEL_STACK_SIZE)
 *fill*         0x0000000000009c50      0x200 00
                0x0000000000009e50                . = ALIGN (0x4)
                0x0000000000009e50                __svc_stack_end__ = .
                0x000000000000a050                . = (. + SYS_STACK_SIZE)
 *fill*         0x0000000000009e50      0x200 00
                0x000000000000a050                . = ALIGN (0x4)
                0x000000000000a050                __sys_stack_end__ = .
                0x000000000000a250                . = (. + IRQ_STACK_SIZE)
 *fill*         0x000000000000a050      0x200 00
                0x000000000000a250                . = ALIGN (0x4)
                0x000000000000a250                __irq_stack_end__ = .
                0x000000000000a250                __stacks_end__ = .
                0x000000000000b000                . = ALIGN (0x1000)
                0x000000000000b000                __kernel_heap_start__ = .
                0x0000000000ffffff                . = 0xffffff
                0x0000000000ffffff                __kernel_heap_end__ = .
                0x0000000001000000                . = ALIGN (0x1000)
                0x0000000001000000                __after_kernel_heap__ = .
                0x0000000020000000                . = 0x20000000

.devices        0x0000000020000000   0xffffff
                0x0000000020000000                __devices_start__ = .
                0x0000000020ffffff                . = (. + 0xffffff)
 *fill*         0x0000000020000000   0xffffff 00
                0x0000000020ffffff                __devices_end__ = .
OUTPUT(build/kernel.elf elf32-littlearm)

.debug_info     0x0000000000000000     0x1501
 .debug_info    0x0000000000000000      0x2ad build/kheap.o
 .debug_info    0x00000000000002ad      0x36d build/syscall.o
 .debug_info    0x000000000000061a       0x57 build/init.o
 .debug_info    0x0000000000000671      0x280 build/uart.o
 .debug_info    0x00000000000008f1      0x146 build/pwm.o
 .debug_info    0x0000000000000a37      0x4a2 build/sched.o
 .debug_info    0x0000000000000ed9       0x71 build/util.o
 .debug_info    0x0000000000000f4a      0x2da build/hw.o
 .debug_info    0x0000000000001224       0x5c build/asm_tools.o
 .debug_info    0x0000000000001280      0x281 build/kmain.o

.debug_abbrev   0x0000000000000000      0x880
 .debug_abbrev  0x0000000000000000      0x12d build/kheap.o
 .debug_abbrev  0x000000000000012d      0x157 build/syscall.o
 .debug_abbrev  0x0000000000000284       0x14 build/init.o
 .debug_abbrev  0x0000000000000298      0x10a build/uart.o
 .debug_abbrev  0x00000000000003a2       0xaf build/pwm.o
 .debug_abbrev  0x0000000000000451      0x199 build/sched.o
 .debug_abbrev  0x00000000000005ea       0x5c build/util.o
 .debug_abbrev  0x0000000000000646      0x146 build/hw.o
 .debug_abbrev  0x000000000000078c       0x14 build/asm_tools.o
 .debug_abbrev  0x00000000000007a0       0xe0 build/kmain.o

.debug_loc      0x0000000000000000      0x74c
 .debug_loc     0x0000000000000000       0xa4 build/kheap.o
 .debug_loc     0x00000000000000a4       0xd0 build/syscall.o
 .debug_loc     0x0000000000000174       0xf0 build/uart.o
 .debug_loc     0x0000000000000264       0x78 build/pwm.o
 .debug_loc     0x00000000000002dc      0x1e8 build/sched.o
 .debug_loc     0x00000000000004c4       0x20 build/util.o
 .debug_loc     0x00000000000004e4      0x1dc build/hw.o
 .debug_loc     0x00000000000006c0       0x8c build/kmain.o

.debug_aranges  0x0000000000000000      0x140
 .debug_aranges
                0x0000000000000000       0x20 build/kheap.o
 .debug_aranges
                0x0000000000000020       0x20 build/syscall.o
 .debug_aranges
                0x0000000000000040       0x20 build/init.o
 .debug_aranges
                0x0000000000000060       0x20 build/uart.o
 .debug_aranges
                0x0000000000000080       0x20 build/pwm.o
 .debug_aranges
                0x00000000000000a0       0x20 build/sched.o
 .debug_aranges
                0x00000000000000c0       0x20 build/util.o
 .debug_aranges
                0x00000000000000e0       0x20 build/hw.o
 .debug_aranges
                0x0000000000000100       0x20 build/asm_tools.o
 .debug_aranges
                0x0000000000000120       0x20 build/kmain.o

.debug_line     0x0000000000000000      0x736
 .debug_line    0x0000000000000000      0x10d build/kheap.o
 .debug_line    0x000000000000010d       0xf9 build/syscall.o
 .debug_line    0x0000000000000206       0x66 build/init.o
 .debug_line    0x000000000000026c       0xfb build/uart.o
 .debug_line    0x0000000000000367       0x7e build/pwm.o
 .debug_line    0x00000000000003e5      0x150 build/sched.o
 .debug_line    0x0000000000000535       0x3d build/util.o
 .debug_line    0x0000000000000572       0xf9 build/hw.o
 .debug_line    0x000000000000066b       0x4e build/asm_tools.o
 .debug_line    0x00000000000006b9       0x7d build/kmain.o

.debug_str      0x0000000000000000      0x5df
 .debug_str     0x0000000000000000      0x170 build/kheap.o
                                        0x1ab (size before relaxing)
 .debug_str     0x0000000000000170       0xe0 build/syscall.o
                                        0x1e6 (size before relaxing)
 .debug_str     0x0000000000000250       0xcb build/uart.o
                                        0x186 (size before relaxing)
 .debug_str     0x000000000000031b       0x36 build/pwm.o
                                         0xf3 (size before relaxing)
 .debug_str     0x0000000000000351      0x132 build/sched.o
                                        0x287 (size before relaxing)
 .debug_str     0x0000000000000483       0x26 build/util.o
                                         0x5d (size before relaxing)
 .debug_str     0x00000000000004a9      0x102 build/hw.o
                                        0x1d2 (size before relaxing)
 .debug_str     0x00000000000005ab       0x34 build/kmain.o
                                        0x16b (size before relaxing)

.comment        0x0000000000000000       0x11
 .comment       0x0000000000000000       0x11 build/kheap.o
                                         0x12 (size before relaxing)
 .comment       0x0000000000000000       0x12 build/syscall.o
 .comment       0x0000000000000000       0x12 build/uart.o
 .comment       0x0000000000000000       0x12 build/pwm.o
 .comment       0x0000000000000000       0x12 build/sched.o
 .comment       0x0000000000000000       0x12 build/util.o
 .comment       0x0000000000000000       0x12 build/hw.o
 .comment       0x0000000000000000       0x12 build/kmain.o

.ARM.attributes
                0x0000000000000000       0x3e
 .ARM.attributes
                0x0000000000000000       0x40 build/kheap.o
 .ARM.attributes
                0x0000000000000040       0x40 build/syscall.o
 .ARM.attributes
                0x0000000000000080       0x28 build/init.o
 .ARM.attributes
                0x00000000000000a8       0x40 build/uart.o
 .ARM.attributes
                0x00000000000000e8       0x40 build/pwm.o
 .ARM.attributes
                0x0000000000000128       0x40 build/sched.o
 .ARM.attributes
                0x0000000000000168       0x40 build/util.o
 .ARM.attributes
                0x00000000000001a8       0x40 build/hw.o
 .ARM.attributes
                0x00000000000001e8       0x28 build/asm_tools.o
 .ARM.attributes
                0x0000000000000210       0x40 build/kmain.o

.debug_frame    0x0000000000000000      0x594
 .debug_frame   0x0000000000000000       0x84 build/kheap.o
 .debug_frame   0x0000000000000084       0xf8 build/syscall.o
 .debug_frame   0x000000000000017c       0xa0 build/uart.o
 .debug_frame   0x000000000000021c       0x54 build/pwm.o
 .debug_frame   0x0000000000000270      0x14c build/sched.o
 .debug_frame   0x00000000000003bc       0x24 build/util.o
 .debug_frame   0x00000000000003e0      0x14c build/hw.o
 .debug_frame   0x000000000000052c       0x68 build/kmain.o
